// Jest Snapshot v1, https://goo.gl/fbAQLP

exports[`provider messages multiple Languages cs-locale 1`] = `
<div>
  <div>
    Test
  </div>
</div>
`;

exports[`provider messages multiple Languages no locale 1`] = `
<div>
  <div>
    Test
  </div>
</div>
`;

exports[`provider messages no langauge 1`] = `
<div>
  <div>
    Test
  </div>
</div>
`;

exports[`provider should render correctly 1`] = `
<div>
  <div>
    Test
  </div>
</div>
`;
