// Jest Snapshot v1, https://goo.gl/fbAQLP

exports[`Section component should render correctly 1`] = `
<div>
  <section
    class="ins-l-page"
  >
     
    Test
     
  </section>
</div>
`;
