// Jest Snapshot v1, https://goo.gl/fbAQLP

exports[`FilterDropdown component should render 1`] = `
<Select
  className="ins-c-filter__dropdown"
  isOpen={false}
  onOpenChange={[Function]}
  ouiaId="OUIA-Generated-RHI/FilterDropdown-1"
  ouiaSafe={true}
  toggle={[Function]}
>
  <SelectGroup
    key="0"
    label=""
  >
    <SelectList>
      <SelectOption
        key="check00"
      >
        <FilterInput
          addRemoveFilters={[Function]}
          aria-label=""
          filters={{}}
          id="check00"
          label=""
          param=""
          type=""
          value=""
        />
      </SelectOption>
    </SelectList>
  </SelectGroup>
</Select>
`;

exports[`FilterDropdown component should render with a component as label 1`] = `
<Select
  className="ins-c-filter__dropdown"
  isOpen={false}
  onOpenChange={[Function]}
  ouiaId="OUIA-Generated-RHI/FilterDropdown-1"
  ouiaSafe={true}
  toggle={[Function]}
>
  <SelectGroup
    key="0"
    label=""
  >
    <SelectList>
      <SelectOption
        key="check00"
      >
        <FilterInput
          addRemoveFilters={[Function]}
          aria-label=""
          filters={{}}
          id="check00"
          label=""
          param=""
          type=""
          value=""
        />
      </SelectOption>
    </SelectList>
  </SelectGroup>
</Select>
`;
