// Jest Snapshot v1, https://goo.gl/fbAQLP

exports[`PageHeader component should render 1`] = `
<PageHeaderTitle
  title="Something"
>
  <Title
    className=""
    headingLevel="h1"
    size="2xl"
    widget-type="InsightsPageHeaderTitle"
  >
    <h1
      className="pf-v5-c-title pf-m-2xl"
      data-ouia-component-id="OUIA-Generated-Title-1"
      data-ouia-component-type="PF5/Title"
      data-ouia-safe={true}
      widget-type="InsightsPageHeaderTitle"
    >
      Something
    </h1>
  </Title>
</PageHeaderTitle>
`;
