// Jest Snapshot v1, https://goo.gl/fbAQLP

exports[`TagCount component Render the modal open with row of tags 1`] = `
<div
  aria-hidden="true"
/>
`;

exports[`TagCount component Render the modal with a child component 1`] = `
<div
  aria-hidden="true"
/>
`;

exports[`TagCount component Should render modal with disabled button 1`] = `
<div
  aria-hidden="true"
/>
`;

exports[`TagCount component should render modal with enabled button 1`] = `
<div
  aria-hidden="true"
/>
`;

exports[`Two tables Should render modal with disabled button 1`] = `
<div
  aria-hidden="true"
/>
`;

exports[`Two tables should render modal with enabled button 1`] = `
<div
  aria-hidden="true"
/>
`;

exports[`Two tables should render two tables 1`] = `
<div
  aria-hidden="true"
/>
`;

exports[`Two tables should render two tables in loading state 1`] = `
<div
  aria-hidden="true"
/>
`;
