// Jest Snapshot v1, https://goo.gl/fbAQLP

exports[`OpenSourceBadge component should render badge 1`] = `
<div>
  <div
    style="display: contents;"
  >
    <button
      aria-disabled="false"
      aria-label="About Open Services"
      class="pf-v5-c-button pf-m-plain pf-v5-u-pl-sm open-source-badge"
      data-ouia-component-id="OUIA-Generated-Button-plain-1"
      data-ouia-component-type="PF5/Button"
      data-ouia-safe="true"
      type="button"
    >
      <svg
        aria-hidden="true"
        class="pf-v5-svg"
        fill="currentColor"
        height="1em"
        role="img"
        viewBox="0 0 384 512"
        width="1em"
      >
        <path
          d="M384 144c0-44.2-35.8-80-80-80s-80 35.8-80 80c0 36.4 24.3 67.1 57.5 76.8-.6 16.1-4.2 28.5-11 36.9-15.4 19.2-49.3 22.4-85.2 25.7-28.2 2.6-57.4 5.4-81.3 16.9v-144c32.5-10.2 56-40.5 56-76.3 0-44.2-35.8-80-80-80S0 35.8 0 80c0 35.8 23.5 66.1 56 76.3v199.3C23.5 365.9 0 396.2 0 432c0 44.2 35.8 80 80 80s80-35.8 80-80c0-34-21.2-63.1-51.2-74.6 3.1-5.2 7.8-9.8 14.9-13.4 16.2-8.2 40.4-10.4 66.1-12.8 42.2-3.9 90-8.4 118.2-43.4 14-17.4 21.1-39.8 21.6-67.9 31.6-10.8 54.4-40.7 54.4-75.9zM80 64c8.8 0 16 7.2 16 16s-7.2 16-16 16-16-7.2-16-16 7.2-16 16-16zm0 384c-8.8 0-16-7.2-16-16s7.2-16 16-16 16 7.2 16 16-7.2 16-16 16zm224-320c8.8 0 16 7.2 16 16s-7.2 16-16 16-16-7.2-16-16 7.2-16 16-16z"
        />
      </svg>
    </button>
  </div>
</div>
`;

exports[`OpenSourceBadge component should render popover 1`] = `
<div
  aria-describedby="popover-open-source-badge-body"
  aria-labelledby="popover-open-source-badge-header"
  aria-modal="true"
  class="pf-v5-c-popover pf-m-top"
  role="dialog"
  style="opacity: 1; transition: opacity 300ms cubic-bezier(.54, 1.5, .38, 1.11); position: absolute; left: 0px; top: 0px; z-index: 9999; min-width: auto;"
>
  <div
    class="pf-v5-c-popover__arrow"
  />
  <div
    class="pf-v5-c-popover__content"
  >
    <div
      class="pf-v5-c-popover__close"
    >
      <button
        aria-disabled="false"
        aria-label="Close"
        class="pf-v5-c-button pf-m-plain"
        data-ouia-component-id="OUIA-Generated-Button-plain-3"
        data-ouia-component-type="PF5/Button"
        data-ouia-safe="true"
        style="pointer-events: auto;"
        type="button"
      >
        <svg
          aria-hidden="true"
          class="pf-v5-svg"
          fill="currentColor"
          height="1em"
          role="img"
          viewBox="0 0 352 512"
          width="1em"
        >
          <path
            d="M242.72 256l100.07-100.07c12.28-12.28 12.28-32.19 0-44.48l-22.24-22.24c-12.28-12.28-32.19-12.28-44.48 0L176 189.28 75.93 89.21c-12.28-12.28-32.19-12.28-44.48 0L9.21 111.45c-12.28 12.28-12.28 32.19 0 44.48L109.28 256 9.21 356.07c-12.28 12.28-12.28 32.19 0 44.48l22.24 22.24c12.28 12.28 32.2 12.28 44.48 0L176 322.72l100.07 100.07c12.28 12.28 32.2 12.28 44.48 0l22.24-22.24c12.28-12.28 12.28-32.19 0-44.48L242.72 256z"
          />
        </svg>
      </button>
    </div>
    <header
      class="pf-v5-c-popover__header"
    >
      <div
        class="pf-v5-c-popover__title"
        id="popover-open-source-badge-header"
      >
        <h6
          class="pf-v5-c-popover__title-text"
        >
          About open source
        </h6>
      </div>
    </header>
    <div
      class="pf-v5-c-popover__body"
      id="popover-open-source-badge-body"
    >
      <div
        class="pf-v5-c-content"
      >
        <p
          class=""
          data-ouia-component-id="OUIA-Generated-Text-1"
          data-ouia-component-type="PF5/Text"
          data-ouia-safe="true"
          data-pf-content="true"
        >
          This service is open source, so all of its code is inspectable. Explore repositories to view and contribute to the source code.
        </p>
        <a
          aria-disabled="false"
          class="pf-v5-c-button pf-m-link pf-m-inline"
          data-ouia-component-id="OUIA-Generated-Button-link-1"
          data-ouia-component-type="PF5/Button"
          data-ouia-safe="true"
          target="_blank"
        >
          Repositories
          <span
            class="pf-v5-c-button__icon pf-m-end"
          >
            <svg
              aria-hidden="true"
              class="pf-v5-svg"
              fill="currentColor"
              height="1em"
              role="img"
              viewBox="0 0 512 512"
              width="1em"
            >
              <path
                d="M432,320H400a16,16,0,0,0-16,16V448H64V128H208a16,16,0,0,0,16-16V80a16,16,0,0,0-16-16H48A48,48,0,0,0,0,112V464a48,48,0,0,0,48,48H400a48,48,0,0,0,48-48V336A16,16,0,0,0,432,320ZM488,0h-128c-21.37,0-32.05,25.91-17,41l35.73,35.73L135,320.37a24,24,0,0,0,0,34L157.67,377a24,24,0,0,0,34,0L435.28,133.32,471,169c15,15,41,4.5,41-17V24A24,24,0,0,0,488,0Z"
              />
            </svg>
          </span>
        </a>
      </div>
    </div>
  </div>
</div>
`;
